<html>
<body>
<pre>
<h1>礦ision Build Log</h1>
<h2>Tool Versions:</h2>
IDE-Version: μVision V5.42.0.0
Copyright (C) 2025 ARM Ltd and ARM Germany GmbH. All rights reserved.
License Information: 1 2837468248@qq.com, 1, LIC=CZLZX-H2BE4-GK7BG-V0X8N-U0XQR-XVNXR
 
Tool Versions:
Toolchain:       MDK-ARM Plus  Version: 5.42.0.0
Toolchain Path:  C:\soft\keil5\ARM\arm-compiler-Version5\Bin
C Compiler:      Armcc.exe V5.06 update 7 (build 960)
Assembler:       Armasm.exe V5.06 update 7 (build 960)
Linker/Locator:  ArmLink.exe V5.06 update 7 (build 960)
Library Manager: ArmAr.exe V5.06 update 7 (build 960)
Hex Converter:   FromElf.exe V5.06 update 7 (build 960)
CPU DLL:         SARMCM3.DLL V5.42.0.0
Dialog DLL:      DCM.DLL V1.17.5.0
Target DLL:      STLink\ST-LINKIII-KEIL_SWO.dll V3.3.0.0
Dialog DLL:      TCM.DLL V1.56.6.0
 
<h2>Project:</h2>
C:\Users\28374\Desktop\Personal\STUDY\STM32入门教程资料\MyCode\写I2C测试\Project.uvprojx
Project File Date:  05/20/2025

<h2>Output:</h2>
*** Using Compiler 'V5.06 update 7 (build 960)', folder: 'C:\soft\keil5\ARM\arm-compiler-Version5\Bin'
Rebuild target 'Target 1'
assembling startup_stm32f10x_md.s...
compiling core_cm3.c...
compiling misc.c...
compiling stm32f10x_bkp.c...
compiling stm32f10x_exti.c...
compiling stm32f10x_crc.c...
compiling system_stm32f10x.c...
compiling stm32f10x_dbgmcu.c...
compiling stm32f10x_dac.c...
compiling stm32f10x_can.c...
compiling stm32f10x_cec.c...
compiling stm32f10x_adc.c...
compiling stm32f10x_flash.c...
compiling stm32f10x_dma.c...
compiling stm32f10x_fsmc.c...
compiling stm32f10x_gpio.c...
compiling stm32f10x_iwdg.c...
compiling stm32f10x_i2c.c...
compiling stm32f10x_pwr.c...
compiling stm32f10x_rtc.c...
compiling stm32f10x_rcc.c...
compiling stm32f10x_sdio.c...
compiling stm32f10x_spi.c...
compiling stm32f10x_usart.c...
compiling stm32f10x_wwdg.c...
compiling Delay.c...
compiling stm32f10x_tim.c...
compiling LED.c...
Handware\LED.c(51): warning:  #1-D: last line of file ends without a newline
  }
Handware\LED.c: 1 warning, 0 errors
compiling Key.c...
Handware\Key.c(29): warning:  #1-D: last line of file ends without a newline
  }
Handware\Key.c: 1 warning, 0 errors
compiling Buzzer.c...
Handware\Buzzer.c(19): warning:  #1-D: last line of file ends without a newline
  }
Handware\Buzzer.c: 1 warning, 0 errors
compiling OLED.c...
compiling Serial.c...
compiling main.c...
User\main.c(8): warning:  #177-D: variable "j"  was declared but never referenced
  	int i,j;
User\main.c(41): warning:  #1-D: last line of file ends without a newline
  }
User\main.c: 2 warnings, 0 errors
compiling stm32f10x_it.c...
linking...
Program Size: Code=2468 RO-data=268 RW-data=24 ZI-data=2656  
".\Objects\Project.axf" - 0 Error(s), 5 Warning(s).

<h2>Software Packages used:</h2>

Package Vendor: Keil
                https://www.keil.com/pack/Keil.STM32F1xx_DFP.2.4.1.pack
                Keil::STM32F1xx_DFP@2.4.1
                STMicroelectronics STM32F1 Series Device Support, Drivers and Examples

<h2>Collection of Component include folders:</h2>
  C:/soft/keil5/pack/Keil/STM32F1xx_DFP/2.4.1/Device/Include

<h2>Collection of Component Files used:</h2>
Build Time Elapsed:  00:00:01
</pre>
</body>
</html>
